Archive member included to satisfy reference by file (symbol)

c:/tools/ia16-elf/bin/../lib/gcc/ia16-elf/6.3.0/../../../../ia16-elf/lib\libc.a(lib_a-memcpy.o)
                              CMakeFiles/part05_2.dir/src/main.c.obj (memcpy)
c:/tools/ia16-elf/bin/../lib/gcc/ia16-elf/6.3.0/../../../../ia16-elf/lib\libc.a(lib_a-memset.o)
                              CMakeFiles/part05_2.dir/src/main.c.obj (memset)

Discarded input sections

 .data          0x0000000000000000        0x0 CMakeFiles/part05_2.dir/src/main.c.obj
 .bss           0x0000000000000000        0x0 CMakeFiles/part05_2.dir/src/main.c.obj
 .comment       0x0000000000000000       0x12 CMakeFiles/part05_2.dir/src/main.c.obj
 .data          0x0000000000000000        0x0 c:/tools/ia16-elf/bin/../lib/gcc/ia16-elf/6.3.0/../../../../ia16-elf/lib\libc.a(lib_a-memcpy.o)
 .bss           0x0000000000000000        0x0 c:/tools/ia16-elf/bin/../lib/gcc/ia16-elf/6.3.0/../../../../ia16-elf/lib\libc.a(lib_a-memcpy.o)
 .data          0x0000000000000000        0x0 c:/tools/ia16-elf/bin/../lib/gcc/ia16-elf/6.3.0/../../../../ia16-elf/lib\libc.a(lib_a-memset.o)
 .bss           0x0000000000000000        0x0 c:/tools/ia16-elf/bin/../lib/gcc/ia16-elf/6.3.0/../../../../ia16-elf/lib\libc.a(lib_a-memset.o)

Memory Configuration

Name             Origin             Length             Attributes
csegvma          0x0000000000000000 0x0000000000010000 xr
dsegvma          0x0000000000000000 0x0000000000010000 xw
binfile          0x0000000000000000 0x0000000000008000 xw
*default*        0x0000000000000000 0xffffffffffffffff

Linker script and memory map

LOAD CMakeFiles/part05_2.dir/src/reset.asm.obj
LOAD CMakeFiles/part05_2.dir/src/init.asm.obj
LOAD CMakeFiles/part05_2.dir/src/text_lcd.asm.obj
LOAD CMakeFiles/part05_2.dir/src/utils.asm.obj
LOAD CMakeFiles/part05_2.dir/src/main.c.obj
LOAD c:/tools/ia16-elf/bin/../lib/gcc/ia16-elf/6.3.0/../../../../ia16-elf/lib\libnosys.a
LOAD c:/tools/ia16-elf/bin/../lib/gcc/ia16-elf/6.3.0/../../../../ia16-elf/lib\libc.a
LOAD c:/tools/ia16-elf/bin/../lib/gcc/ia16-elf/6.3.0\libgcc.a

.text           0x0000000000000000      0x28b
 FILL mask 0x90
                0x0000000000000000                __stext = .
 *(.startup)
 *(.init)
 *(.text)
 .text          0x0000000000000000       0x2c CMakeFiles/part05_2.dir/src/init.asm.obj
                0x0000000000000000                init
 *fill*         0x000000000000002c        0x4 90
 .text          0x0000000000000030       0xee CMakeFiles/part05_2.dir/src/text_lcd.asm.obj
                0x0000000000000030                text_lcd_clear_display
                0x0000000000000035                text_lcd_return_home
                0x000000000000003a                text_lcd_entry_mode_set
                0x0000000000000053                text_lcd_display_ctrl
                0x0000000000000075                text_lcd_function_set
                0x000000000000007a                text_lcd_set_char_gen_addr
                0x0000000000000098                text_lcd_set_xy
                0x00000000000000bd                text_lcd_send_char
                0x00000000000000c5                text_lcd_send_char_at
                0x00000000000000df                text_lcd_send_text
                0x0000000000000102                text_lcd_send_text_at
 *fill*         0x000000000000011e        0x2 90
 .text          0x0000000000000120        0xd CMakeFiles/part05_2.dir/src/utils.asm.obj
                0x0000000000000120                delay
 .text          0x000000000000012d      0x11c CMakeFiles/part05_2.dir/src/main.c.obj
                0x000000000000012d                lcd_init
                0x00000000000001fd                main
 .text          0x0000000000000249       0x20 c:/tools/ia16-elf/bin/../lib/gcc/ia16-elf/6.3.0/../../../../ia16-elf/lib\libc.a(lib_a-memcpy.o)
                0x0000000000000249                memcpy
 .text          0x0000000000000269       0x22 c:/tools/ia16-elf/bin/../lib/gcc/ia16-elf/6.3.0/../../../../ia16-elf/lib\libc.a(lib_a-memset.o)
                0x0000000000000269                memset
 *(.text.*)
                0x000000000000028b                __etext = .
                0x0000000000000001                ASSERT ((. <= 0x7ff0), Error: too large)

.data           0x0000000000000000       0x20 load address 0x000000000000028b
                0x0000000000000000                __sdata = .
                0x0000000000000000        0x2 SHORT 0x0
 *crtbegin*.o(.ctors)
 *(EXCLUDE_FILE(*crtend*.o) .ctors)
 *(SORT_BY_NAME(.ctors.*))
 *(.ctors)
 *crtbegin*.o(.dtors)
 *(EXCLUDE_FILE(*crtend*.o) .dtors)
 *(SORT_BY_NAME(.dtors.*))
 *(.dtors)
 *(.rodata)
 .rodata        0x0000000000000002       0x10 CMakeFiles/part05_2.dir/src/main.c.obj
 *(.rodata.*)
 *(.data)
 *(.data.*)
 *(.gcc_except_table)
 *(.gcc_except_table.*)
                0x0000000000000020                . = ALIGN (0x10)
 *fill*         0x0000000000000012        0xe 
                0x0000000000000020                __edata = .

.bss            0x0000000000000020        0x0 load address 0x00000000000002ab
                0x0000000000000020                __sbss = .
 *(.bss)
 *(.bss.*)
 *(COMMON)
                0x0000000000000020                . = ALIGN (0x10)
                0x0000000000000020                __ebss = .

.resetvec       0x000000000000028b       0x10 load address 0x0000000000007ff0
 FILL mask 0xff
 *(.reset)
 .reset         0x000000000000028b        0x8 CMakeFiles/part05_2.dir/src/reset.asm.obj
                0x000000000000028b                reset
                0x000000000000000f                . = 0xf
 *fill*         0x0000000000000293        0x7 ff
                0x000000000000029a        0x1 BYTE 0xff
                0x000000000000028b                __dataoffset = (LOADADDR (.data) - LOADADDR (.text))
                0x0000000000000020                __ldata = (__edata - __sdata)
                0x0000000000000000                __lbss = (__ebss - __sbss)
                0x0000000000000020                __sheap = __ebss
                0x000000000000f000                __eheap = 0xf000

/DISCARD/
 *(.*)
OUTPUT(part05_2 elf32-i386)
