
part05_2:     file format elf32-i386


Disassembly of section .text:

00000000 <__stext>:
   0:	b8 00 70             	mov    ax,0x7000
   3:	8e d0                	mov    ss,ax
   5:	31 e4                	xor    sp,sp
   7:	8e c0                	mov    es,ax
   9:	8c c8                	mov    ax,cs
   b:	8e d8                	mov    ds,ax
   d:	be 79 00             	mov    si,0x79
  10:	31 ff                	xor    di,di
  12:	b9 10 00             	mov    cx,0x10
  15:	f3 a5                	rep movs WORD PTR es:[di],WORD PTR ds:[si]
  17:	31 c0                	xor    ax,ax
  19:	bf 10 00             	mov    di,0x10
  1c:	b9 00 00             	mov    cx,0x0
  1f:	f3 ab                	rep stos WORD PTR es:[di],ax
  21:	8c d0                	mov    ax,ss
  23:	8e d8                	mov    ds,ax
  25:	8e c0                	mov    es,ax
  27:	e8 23 00             	call   4d <main>
  2a:	eb fe                	jmp    2a <__ebss+0x1a>
  2c:	90                   	nop
  2d:	90                   	nop
  2e:	90                   	nop
  2f:	90                   	nop

00000030 <delay>:
  30:	55                   	push   bp
  31:	89 e5                	mov    bp,sp
  33:	8b 4e 04             	mov    cx,WORD PTR [bp+0x4]

00000036 <delay.1>:
  36:	49                   	dec    cx
  37:	75 fd                	jne    36 <delay.1>
  39:	89 ec                	mov    sp,bp
  3b:	5d                   	pop    bp
  3c:	c3                   	ret

0000003d <print_char>:
  3d:	55                   	push   bp
  3e:	89 e5                	mov    bp,sp
  40:	b9 f4 01             	mov    cx,0x1f4
  43:	8a 46 04             	mov    al,BYTE PTR [bp+0x4]
  46:	e6 00                	out    0x0,al

00000048 <PRINT_DELAY>:
  48:	90                   	nop
  49:	e2 fd                	loop   48 <PRINT_DELAY>
  4b:	5d                   	pop    bp
  4c:	c3                   	ret

0000004d <main>:
  4d:	55                   	push   bp
  4e:	89 e5                	mov    bp,sp
  50:	b0 61                	mov    al,0x61
  52:	50                   	push   ax
  53:	16                   	push   ss
  54:	1f                   	pop    ds
  55:	e8 e5 ff             	call   3d <print_char>
  58:	83 c4 02             	add    sp,0x2
  5b:	b8 32 00             	mov    ax,0x32
  5e:	50                   	push   ax
  5f:	16                   	push   ss
  60:	1f                   	pop    ds
  61:	e8 cc ff             	call   30 <delay>
  64:	83 c4 02             	add    sp,0x2
  67:	b0 62                	mov    al,0x62
  69:	50                   	push   ax
  6a:	16                   	push   ss
  6b:	1f                   	pop    ds
  6c:	e8 ce ff             	call   3d <print_char>
  6f:	83 c4 02             	add    sp,0x2
  72:	90                   	nop
  73:	89 ec                	mov    sp,bp
  75:	5d                   	pop    bp
  76:	16                   	push   ss
  77:	1f                   	pop    ds
  78:	c3                   	ret
