
Discarded input sections

 .bss           0x0000000000000000        0x2 CMakeFiles/part05_2.dir/src/main.c.obj
 .comment       0x0000000000000000       0x12 CMakeFiles/part05_2.dir/src/main.c.obj

Memory Configuration

Name             Origin             Length             Attributes
csegvma          0x0000000000000000 0x0000000000010000 xr
dsegvma          0x0000000000000000 0x0000000000010000 xw
binfile          0x0000000000000000 0x0000000000008000 xw
*default*        0x0000000000000000 0xffffffffffffffff

Linker script and memory map

LOAD CMakeFiles/part05_2.dir/src/reset.asm.obj
LOAD CMakeFiles/part05_2.dir/src/init.asm.obj
LOAD CMakeFiles/part05_2.dir/src/utils.asm.obj
LOAD CMakeFiles/part05_2.dir/src/main.c.obj
LOAD c:/tools/ia16-elf/bin/../lib/gcc/ia16-elf/6.3.0/../../../../ia16-elf/lib\libnosys.a
LOAD c:/tools/ia16-elf/bin/../lib/gcc/ia16-elf/6.3.0/../../../../ia16-elf/lib\libc.a
LOAD c:/tools/ia16-elf/bin/../lib/gcc/ia16-elf/6.3.0\libgcc.a

.text           0x0000000000000000       0x5e
 FILL mask 0x90
                0x0000000000000000                __stext = .
 *(.startup)
 *(.init)
 *(.text)
 .text          0x0000000000000000       0x2c CMakeFiles/part05_2.dir/src/init.asm.obj
                0x0000000000000000                init
 *fill*         0x000000000000002c        0x4 90
 .text          0x0000000000000030       0x17 CMakeFiles/part05_2.dir/src/utils.asm.obj
                0x0000000000000030                delay
                0x000000000000003d                portout
 .text          0x0000000000000047       0x17 CMakeFiles/part05_2.dir/src/main.c.obj
                0x0000000000000047                main
 *(.text.*)
                0x000000000000005e                __etext = .
                0x0000000000000001                ASSERT ((. <= 0x7ff0), Error: too large)

.data           0x0000000000000000       0x10 load address 0x000000000000005e
                0x0000000000000000                __sdata = .
                0x0000000000000000        0x2 SHORT 0x0
 *crtbegin*.o(.ctors)
 *(EXCLUDE_FILE(*crtend*.o) .ctors)
 *(SORT_BY_NAME(.ctors.*))
 *(.ctors)
 *crtbegin*.o(.dtors)
 *(EXCLUDE_FILE(*crtend*.o) .dtors)
 *(SORT_BY_NAME(.dtors.*))
 *(.dtors)
 *(.rodata)
 *(.rodata.*)
 *(.data)
 .data          0x0000000000000002        0x1 CMakeFiles/part05_2.dir/src/main.c.obj
                0x0000000000000002                data
 *(.data.*)
 *(.gcc_except_table)
 *(.gcc_except_table.*)
                0x0000000000000010                . = ALIGN (0x10)
 *fill*         0x0000000000000003        0xd 
                0x0000000000000010                __edata = .

.bss            0x0000000000000010        0x0 load address 0x000000000000006e
                0x0000000000000010                __sbss = .
 *(.bss)
 *(.bss.*)
 *(COMMON)
                0x0000000000000010                . = ALIGN (0x10)
                0x0000000000000010                __ebss = .

.resetvec       0x000000000000005e       0x10 load address 0x0000000000007ff0
 FILL mask 0xff
 *(.reset)
 .reset         0x000000000000005e        0x8 CMakeFiles/part05_2.dir/src/reset.asm.obj
                0x000000000000005e                reset
                0x000000000000000f                . = 0xf
 *fill*         0x0000000000000066        0x7 ff
                0x000000000000006d        0x1 BYTE 0xff
                0x000000000000005e                __dataoffset = (LOADADDR (.data) - LOADADDR (.text))
                0x0000000000000010                __ldata = (__edata - __sdata)
                0x0000000000000000                __lbss = (__ebss - __sbss)
                0x0000000000000010                __sheap = __ebss
                0x000000000000f000                __eheap = 0xf000

/DISCARD/
 *(.*)
OUTPUT(part05_2 elf32-i386)
